spv.nullInit.comp
Validation failed
// Module Version 10000
// Generated by (magic number): 80008
// Id's are bound by 28

                              Capability Shader
               1:             ExtInstImport  "GLSL.std.450"
                              MemoryModel Logical GLSL450
                              EntryPoint GLCompute 4  "main"
                              ExecutionMode 4 LocalSize 1 1 1
                              Source GLSL 460
                              SourceExtension  "GL_EXT_null_initialize_shared_memory"
                              Name 4  "main"
                              Name 9  "f"
                              Name 15  "S"
                              MemberName 15(S) 0  "v"
                              MemberName 15(S) 1  "a"
                              Name 16  "T"
                              MemberName 16(T) 0  "b"
                              MemberName 16(T) 1  "s"
                              Name 19  "t1"
                              Name 20  "t2"
                              Name 23  "s"
                              Name 24  "g"
                              Name 27  "i"
               2:             TypeVoid
               3:             TypeFunction 2
               6:             TypeFloat 32
               7:    6(float) ConstantNull
               8:             TypePointer Workgroup 6(float)
            9(f):      8(ptr) Variable Workgroup 7
              10:             TypeInt 32 1
              11:             TypeVector 6(float) 3
              12:             TypeInt 32 0
              13:     12(int) Constant 4
              14:             TypeArray 11(fvec3) 13
           15(S):             TypeStruct 14 10(int)
           16(T):             TypeStruct 10(int) 15(S)
              17:       16(T) ConstantNull
              18:             TypePointer Workgroup 16(T)
          19(t1):     18(ptr) Variable Workgroup 17
          20(t2):     18(ptr) Variable Workgroup 17
              21:       15(S) ConstantNull
              22:             TypePointer Workgroup 15(S)
           23(s):     22(ptr) Variable Workgroup 21
           24(g):      8(ptr) Variable Workgroup 7
              25:     10(int) ConstantNull
              26:             TypePointer Workgroup 10(int)
           27(i):     26(ptr) Variable Workgroup 25
         4(main):           2 Function None 3
               5:             Label
                              Return
                              FunctionEnd
